
> expense-tracker-backend@1.0.0 test
> jest

node.exe : FAIL 
tests/expense.test.js
At line:1 char:1
+ & "C:\Program 
Files\nodejs/node.exe" "C:
\Users\yashv\AppData\Roami
ng\ ...
+ ~~~~~~~~~~~~~~~~~~~~~~~~
~~~~~~~~~~~~~~~~~~~~~~~~~~
~~~~~~~~~~~~~~~~~~~
    + CategoryInfo        
      : NotSpecified: (F  
  AIL tests/expense.tes   
 t.js:String) [], Remo    
teException
    + FullyQualifiedError 
   Id : NativeCommandErr  
  or
 
  ΓùÅ Test suite failed 
to run

    ReferenceError: C:\Use
rs\yashv\OneDrive\Desktop\
mern expanse tracker\backe
nd\tests\expense.test.js: 
The module factory of 
`jest.mock()` is not 
allowed to reference any 
out-of-scope variables.
    Invalid variable 
access: mongoose
    Allowed objects: 
AbortController, 
AbortSignal, 
AggregateError, Array, 
ArrayBuffer, 
AsyncDisposableStack, 
Atomics, BigInt, 
BigInt64Array, 
BigUint64Array, Blob, 
Boolean, 
BroadcastChannel, Buffer, 
ByteLengthQueuingStrategy,
 CloseEvent, 
CompressionStream, 
CountQueuingStrategy, 
Crypto, CryptoKey, 
CustomEvent, 
DOMException, DataView, 
Date, 
DecompressionStream, 
DisposableStack, Error, 
EvalError, Event, 
EventTarget, File, 
FinalizationRegistry, 
Float16Array, 
Float32Array, 
Float64Array, FormData, 
Function, Generator, 
GeneratorFunction, 
Headers, Infinity, 
Int16Array, Int32Array, 
Int8Array, InternalError, 
Intl, Iterator, JSON, 
Map, Math, 
MessageChannel, 
MessageEvent, 
MessagePort, NaN, 
Navigator, Number, 
Object, Performance, 
PerformanceEntry, 
PerformanceMark, 
PerformanceMeasure, 
PerformanceObserver, Perfo
rmanceObserverEntryList, P
erformanceResourceTiming, 
Promise, Proxy, 
RangeError, ReadableByteSt
reamController, 
ReadableStream, 
ReadableStreamBYOBReader, 
ReadableStreamBYOBRequest,
 ReadableStreamDefaultCont
roller, ReadableStreamDefa
ultReader, 
ReferenceError, Reflect, 
RegExp, Request, 
Response, Set, 
SharedArrayBuffer, 
String, SubtleCrypto, 
SuppressedError, Symbol, 
SyntaxError, TextDecoder, 
TextDecoderStream, 
TextEncoder, 
TextEncoderStream, 
TransformStream, Transform
StreamDefaultController, 
TypeError, URIError, URL, 
URLPattern, 
URLSearchParams, 
Uint16Array, Uint32Array, 
Uint8Array, 
Uint8ClampedArray, 
WeakMap, WeakRef, 
WeakSet, WebAssembly, 
WebSocket, 
WritableStream, WritableSt
reamDefaultController, Wri
tableStreamDefaultWriter, 
__dirname, __filename, 
arguments, atob, btoa, 
clearImmediate, 
clearInterval, 
clearTimeout, console, 
crypto, decodeURI, 
decodeURIComponent, 
encodeURI, 
encodeURIComponent, 
escape, eval, expect, 
exports, fetch, global, 
globalThis, isFinite, 
isNaN, jest, module, 
navigator, parseFloat, 
parseInt, performance, 
process, queueMicrotask, 
require, setImmediate, 
setInterval, setTimeout, 
structuredClone, 
undefined, unescape.
    Note: This is a 
precaution to guard 
against uninitialized 
mock variables. If it is 
ensured that the mock is 
required lazily, variable 
names prefixed with 
`mock` (case insensitive) 
are permitted.

    [0m [90m  7 |[39m j
est[33m.[39mmock([32m'.
./middleware/authMiddlewar
e'[39m[33m,[39m () 
[33m=>[39m ({
     [90m  8 |[39m   
protect[33m:[39m 
(req[33m,[39m 
res[33m,[39m next) 
[33m=>[39m {
    
[31m[1m>[22m[39m[90m 
 9 |[39m     
req[33m.[39muser 
[33m=[39m { 
_id[33m:[39m 
[36mnew[39m mongoose[33
m.[39m[33mTypes[39m[33
m.[39m[33mObjectId[39m(
) }[33m;[39m
     [90m    |[39m      
                     [31m
[1m^[22m[39m[31m[1m^
[22m[39m[31m[1m^[22m[
39m[31m[1m^[22m[39m[3
1m[1m^[22m[39m[31m[1m
^[22m[39m[31m[1m^[22m
[39m[31m[1m^[22m[39m
     [90m 10 |[39m     
next()[33m;[39m
     [90m 11 |[39m   }
     [90m 12 |[39m 
}))[33m;[39m[0m

      at 
File.buildCodeFrameError (
node_modules/@babel/core/s
rc/transformation/file/fil
e.ts:251:12)
      at 
NodePath.buildError [as 
buildCodeFrameError] (node
_modules/@babel/traverse/s
rc/path/index.ts:161:21)
      at call (node_module
s/@babel/traverse/src/visi
tors.ts:299:14)
      at NodePath.call 
[as _call] (node_modules/@
babel/traverse/src/path/co
ntext.ts:36:20)
      at NodePath.call (no
de_modules/@babel/traverse
/src/path/context.ts:21:18
)
      at NodePath.call 
[as visit] (node_modules/@
babel/traverse/src/path/co
ntext.ts:97:31)
      at 
TraversalContext.visit 
[as visitQueue] (node_modu
les/@babel/traverse/src/co
ntext.ts:161:16)
      at TraversalContext.
visitQueue [as 
visitMultiple] (node_modul
es/@babel/traverse/src/con
text.ts:109:17)
      at TraversalContext.
visitMultiple [as visit] (
node_modules/@babel/traver
se/src/context.ts:192:19)
      at visit (node_modul
es/@babel/traverse/src/tra
verse-node.ts:208:17)
      at NodePath.visit (n
ode_modules/@babel/travers
e/src/path/context.ts:104:
33)
      at 
TraversalContext.visit 
[as visitQueue] (node_modu
les/@babel/traverse/src/co
ntext.ts:161:16)
      at TraversalContext.
visitQueue [as 
visitSingle] (node_modules
/@babel/traverse/src/conte
xt.ts:119:19)
      at TraversalContext.
visitSingle [as visit] (no
de_modules/@babel/traverse
/src/context.ts:194:19)
      at visit (node_modul
es/@babel/traverse/src/tra
verse-node.ts:208:17)
      at traverse (node_mo
dules/@babel/traverse/src/
index.ts:84:15)
      at transformFile (no
de_modules/@babel/core/src
/transformation/index.ts:1
20:15)
          at 
transformFile.next 
(<anonymous>)
      at transformFile (no
de_modules/@babel/core/src
/transformation/index.ts:5
0:12)
          at run.next 
(<anonymous>)
      at transform (node_m
odules/@babel/core/src/tra
nsform.ts:29:20)
          at 
transform.next 
(<anonymous>)
      at evaluateSync (nod
e_modules/gensync/index.js
:251:28)
      at sync (node_module
s/gensync/index.js:89:14)
      at fn (node_modules/
@babel/core/src/errors/rew
rite-stack-trace.ts:99:14)
      at transformSync (no
de_modules/@babel/core/src
/transform.ts:66:52)
      at ScriptTransformer
.transformSource (node_mod
ules/@jest/transform/build
/index.js:415:31)
      at ScriptTransformer
._transformAndBuildScript 
(node_modules/@jest/transf
orm/build/index.js:512:40)
      at ScriptTransformer
.transform (node_modules/@
jest/transform/build/index
.js:551:19)

Test Suites: 1 failed, 1 
total
Tests:       0 total
Snapshots:   0 total
Time:        0.438 s
Ran all test suites.
